
> @nepaltrust/api@0.1.0 build
> tsc

node.exe : 'tsc' is not recognized as an internal or external command,
At line:1 char:1
+ & "C:\Program Files\nodejs/node.exe" "C:\Users\Dhruba\AppData\Roaming ...
+ ~~~~~~~~~~~~~~~~~~~~~~~~~~~~~~~~~~~~~~~~~~~~~~~~~~~~~~~~~~~~~~~~~~~~~
    + CategoryInfo          : NotSpecified: ('tsc' is not re...ternal command,:String) [], RemoteException
    + FullyQualifiedErrorId : NativeCommandError
 
operable program or batch file.
npm error Lifecycle script `build` failed with error:
npm error code 1
npm error path D:\Escrow Nepal\backend
npm error workspace @nepaltrust/api@0.1.0
npm error location D:\Escrow Nepal\backend
npm error command failed
npm error command C:\WINDOWS\system32\cmd.exe /d /s /c tsc
